This is XeTeX, Version 3.141592653-2.6-0.999997 (TeX Live 2025) (preloaded format=xelatex 2025.3.8)  11 APR 2026 14:25
entering extended mode
 restricted \write18 enabled.
 %&-line parsing enabled.
**cv.tex
(./cv.tex
LaTeX2e <2024-11-01> patch level 2
L3 programming layer <2025-01-18>
(/usr/local/texlive/2025/texmf-dist/tex/latex/base/article.cls
Document Class: article 2024/06/29 v1.4n Standard LaTeX document class
(/usr/local/texlive/2025/texmf-dist/tex/latex/base/size11.clo
File: size11.clo 2024/06/29 v1.4n Standard LaTeX file (size option)
)
\c@part=\count192
\c@section=\count193
\c@subsection=\count194
\c@subsubsection=\count195
\c@paragraph=\count196
\c@subparagraph=\count197
\c@figure=\count198
\c@table=\count199
\abovecaptionskip=\skip49
\belowcaptionskip=\skip50
\bibindent=\dimen141
)
(/usr/local/texlive/2025/texmf-dist/tex/latex/hyperref/hyperref.sty
Package: hyperref 2024-11-05 v7.01l Hypertext links for LaTeX

(/usr/local/texlive/2025/texmf-dist/tex/generic/iftex/iftex.sty
Package: iftex 2024/12/12 v1.0g TeX engine tests
)
(/usr/local/texlive/2025/texmf-dist/tex/latex/graphics/keyval.sty
Package: keyval 2022/05/29 v1.15 key=value parser (DPC)
\KV@toks@=\toks17
)
(/usr/local/texlive/2025/texmf-dist/tex/latex/kvsetkeys/kvsetkeys.sty
Package: kvsetkeys 2022-10-05 v1.19 Key value parser (HO)
)
(/usr/local/texlive/2025/texmf-dist/tex/generic/kvdefinekeys/kvdefinekeys.sty
Package: kvdefinekeys 2019-12-19 v1.6 Define keys (HO)
)
(/usr/local/texlive/2025/texmf-dist/tex/generic/pdfescape/pdfescape.sty
Package: pdfescape 2019/12/09 v1.15 Implements pdfTeX's escape features (HO)

(/usr/local/texlive/2025/texmf-dist/tex/generic/ltxcmds/ltxcmds.sty
Package: ltxcmds 2023-12-04 v1.26 LaTeX kernel commands for general use (HO)
)
(/usr/local/texlive/2025/texmf-dist/tex/generic/pdftexcmds/pdftexcmds.sty
Package: pdftexcmds 2020-06-27 v0.33 Utility functions of pdfTeX for LuaTeX (HO
)

(/usr/local/texlive/2025/texmf-dist/tex/generic/infwarerr/infwarerr.sty
Package: infwarerr 2019/12/03 v1.5 Providing info/warning/error messages (HO)
)
Package pdftexcmds Info: \pdf@primitive is available.
Package pdftexcmds Info: \pdf@ifprimitive is available.
Package pdftexcmds Info: \pdfdraftmode not found.
))
(/usr/local/texlive/2025/texmf-dist/tex/latex/hycolor/hycolor.sty
Package: hycolor 2020-01-27 v1.10 Color options for hyperref/bookmark (HO)
)
(/usr/local/texlive/2025/texmf-dist/tex/latex/hyperref/nameref.sty
Package: nameref 2023-11-26 v2.56 Cross-referencing by name of section

(/usr/local/texlive/2025/texmf-dist/tex/latex/refcount/refcount.sty
Package: refcount 2019/12/15 v3.6 Data extraction from label references (HO)
)
(/usr/local/texlive/2025/texmf-dist/tex/generic/gettitlestring/gettitlestring.s
ty
Package: gettitlestring 2019/12/15 v1.6 Cleanup title references (HO)
 (/usr/local/texlive/2025/texmf-dist/tex/latex/kvoptions/kvoptions.sty
Package: kvoptions 2022-06-15 v3.15 Key value format for package options (HO)
))
\c@section@level=\count266
)
(/usr/local/texlive/2025/texmf-dist/tex/latex/etoolbox/etoolbox.sty
Package: etoolbox 2025/02/11 v2.5l e-TeX tools for LaTeX (JAW)
\etb@tempcnta=\count267
)
(/usr/local/texlive/2025/texmf-dist/tex/generic/stringenc/stringenc.sty
Package: stringenc 2019/11/29 v1.12 Convert strings between diff. encodings (HO
)
)
\@linkdim=\dimen142
\Hy@linkcounter=\count268
\Hy@pagecounter=\count269

(/usr/local/texlive/2025/texmf-dist/tex/latex/hyperref/pd1enc.def
File: pd1enc.def 2024-11-05 v7.01l Hyperref: PDFDocEncoding definition (HO)
)
(/usr/local/texlive/2025/texmf-dist/tex/generic/intcalc/intcalc.sty
Package: intcalc 2019/12/15 v1.3 Expandable calculations with integers (HO)
)
\Hy@SavedSpaceFactor=\count270

(/usr/local/texlive/2025/texmf-dist/tex/latex/hyperref/puenc.def
File: puenc.def 2024-11-05 v7.01l Hyperref: PDF Unicode definition (HO)
)
Package hyperref Info: Hyper figures OFF on input line 4157.
Package hyperref Info: Link nesting OFF on input line 4162.
Package hyperref Info: Hyper index ON on input line 4165.
Package hyperref Info: Plain pages OFF on input line 4172.
Package hyperref Info: Backreferencing OFF on input line 4177.
Package hyperref Info: Implicit mode ON; LaTeX internals redefined.
Package hyperref Info: Bookmarks ON on input line 4424.
\c@Hy@tempcnt=\count271

(/usr/local/texlive/2025/texmf-dist/tex/latex/url/url.sty
\Urlmuskip=\muskip17
Package: url 2013/09/16  ver 3.4  Verb mode for urls, etc.
)
LaTeX Info: Redefining \url on input line 4763.
\XeTeXLinkMargin=\dimen143

(/usr/local/texlive/2025/texmf-dist/tex/generic/bitset/bitset.sty
Package: bitset 2019/12/09 v1.3 Handle bit-vector datatype (HO)

(/usr/local/texlive/2025/texmf-dist/tex/generic/bigintcalc/bigintcalc.sty
Package: bigintcalc 2019/12/15 v1.5 Expandable calculations on big integers (HO
)
))
\Fld@menulength=\count272
\Field@Width=\dimen144
\Fld@charsize=\dimen145
Package hyperref Info: Hyper figures OFF on input line 6042.
Package hyperref Info: Link nesting OFF on input line 6047.
Package hyperref Info: Hyper index ON on input line 6050.
Package hyperref Info: backreferencing OFF on input line 6057.
Package hyperref Info: Link coloring OFF on input line 6062.
Package hyperref Info: Link coloring with OCG OFF on input line 6067.
Package hyperref Info: PDF/A mode OFF on input line 6072.

(/usr/local/texlive/2025/texmf-dist/tex/latex/base/atbegshi-ltx.sty
Package: atbegshi-ltx 2021/01/10 v1.0c Emulation of the original atbegshi
package with kernel methods
)
\Hy@abspage=\count273
\c@Item=\count274
\c@Hfootnote=\count275
)
Package hyperref Info: Driver (autodetected): hxetex.

(/usr/local/texlive/2025/texmf-dist/tex/latex/hyperref/hxetex.def
File: hxetex.def 2024-11-05 v7.01l Hyperref driver for XeTeX
\pdfm@box=\box52
\c@Hy@AnnotLevel=\count276
\HyField@AnnotCount=\count277
\Fld@listcount=\count278
\c@bookmark@seq@number=\count279

(/usr/local/texlive/2025/texmf-dist/tex/latex/rerunfilecheck/rerunfilecheck.sty
Package: rerunfilecheck 2022-07-10 v1.10 Rerun checks for auxiliary files (HO)
(/usr/local/texlive/2025/texmf-dist/tex/latex/base/atveryend-ltx.sty
Package: atveryend-ltx 2020/08/19 v1.0a Emulation of the original atveryend pac
kage
with kernel methods
)
(/usr/local/texlive/2025/texmf-dist/tex/generic/uniquecounter/uniquecounter.sty
Package: uniquecounter 2019/12/15 v1.4 Provide unlimited unique counter (HO)
)
Package uniquecounter Info: New unique counter `rerunfilecheck' on input line 2
85.
)
\Hy@SectionHShift=\skip51
) (/usr/local/texlive/2025/texmf-dist/tex/latex/enumitem/enumitem.sty
Package: enumitem 2025/02/06 v3.11 Customized lists
\labelindent=\skip52
\enit@outerparindent=\dimen146
\enit@toks=\toks18
\enit@inbox=\box53
\enit@count@id=\count280
\enitdp@description=\count281
)
(/usr/local/texlive/2025/texmf-dist/tex/latex/tools/longtable.sty
Package: longtable 2024-10-27 v4.22 Multi-page Table package (DPC)
\LTleft=\skip53
\LTright=\skip54
\LTpre=\skip55
\LTpost=\skip56
\LTchunksize=\count282
\LTcapwidth=\dimen147
\LT@head=\box54
\LT@firsthead=\box55
\LT@foot=\box56
\LT@lastfoot=\box57
\LT@gbox=\box58
\LT@cols=\count283
\LT@rows=\count284
\c@LT@tables=\count285
\c@LT@chunks=\count286
\LT@p@ftn=\toks19
)
(/usr/local/texlive/2025/texmf-dist/tex/latex/amsmath/amsmath.sty
Package: amsmath 2024/11/05 v2.17t AMS math features
\@mathmargin=\skip57

For additional information on amsmath, use the `?' option.
(/usr/local/texlive/2025/texmf-dist/tex/latex/amsmath/amstext.sty
Package: amstext 2021/08/26 v2.01 AMS text

(/usr/local/texlive/2025/texmf-dist/tex/latex/amsmath/amsgen.sty
File: amsgen.sty 1999/11/30 v2.0 generic functions
\@emptytoks=\toks20
\ex@=\dimen148
))
(/usr/local/texlive/2025/texmf-dist/tex/latex/amsmath/amsbsy.sty
Package: amsbsy 1999/11/29 v1.2d Bold Symbols
\pmbraise@=\dimen149
)
(/usr/local/texlive/2025/texmf-dist/tex/latex/amsmath/amsopn.sty
Package: amsopn 2022/04/08 v2.04 operator names
)
\inf@bad=\count287
LaTeX Info: Redefining \frac on input line 233.
\uproot@=\count288
\leftroot@=\count289
LaTeX Info: Redefining \overline on input line 398.
LaTeX Info: Redefining \colon on input line 409.
\classnum@=\count290
\DOTSCASE@=\count291
LaTeX Info: Redefining \ldots on input line 495.
LaTeX Info: Redefining \dots on input line 498.
LaTeX Info: Redefining \cdots on input line 619.
\Mathstrutbox@=\box59
\strutbox@=\box60
LaTeX Info: Redefining \big on input line 721.
LaTeX Info: Redefining \Big on input line 722.
LaTeX Info: Redefining \bigg on input line 723.
LaTeX Info: Redefining \Bigg on input line 724.
\big@size=\dimen150
LaTeX Font Info:    Redeclaring font encoding OML on input line 742.
LaTeX Font Info:    Redeclaring font encoding OMS on input line 743.
\macc@depth=\count292
LaTeX Info: Redefining \bmod on input line 904.
LaTeX Info: Redefining \pmod on input line 909.
LaTeX Info: Redefining \smash on input line 939.
LaTeX Info: Redefining \relbar on input line 969.
LaTeX Info: Redefining \Relbar on input line 970.
\c@MaxMatrixCols=\count293
\dotsspace@=\muskip18
\c@parentequation=\count294
\dspbrk@lvl=\count295
\tag@help=\toks21
\row@=\count296
\column@=\count297
\maxfields@=\count298
\andhelp@=\toks22
\eqnshift@=\dimen151
\alignsep@=\dimen152
\tagshift@=\dimen153
\tagwidth@=\dimen154
\totwidth@=\dimen155
\lineht@=\dimen156
\@envbody=\toks23
\multlinegap=\skip58
\multlinetaggap=\skip59
\mathdisplay@stack=\toks24
LaTeX Info: Redefining \[ on input line 2953.
LaTeX Info: Redefining \] on input line 2954.
)
(/usr/local/texlive/2025/texmf-dist/tex/latex/tools/array.sty
Package: array 2024/10/17 v2.6g Tabular extension package (FMi)
\col@sep=\dimen157
\ar@mcellbox=\box61
\extrarowheight=\dimen158
\NC@list=\toks25
\extratabsurround=\skip60
\backup@length=\skip61
\ar@cellbox=\box62
)
(/usr/local/texlive/2025/texmf-dist/tex/latex/geometry/geometry.sty
Package: geometry 2020/01/02 v5.9 Page Geometry

(/usr/local/texlive/2025/texmf-dist/tex/generic/iftex/ifvtex.sty
Package: ifvtex 2019/10/25 v1.7 ifvtex legacy package. Use iftex instead.
)
\Gm@cnth=\count299
\Gm@cntv=\count300
\c@Gm@tempcnt=\count301
\Gm@bindingoffset=\dimen159
\Gm@wd@mp=\dimen160
\Gm@odd@mp=\dimen161
\Gm@even@mp=\dimen162
\Gm@layoutwidth=\dimen163
\Gm@layoutheight=\dimen164
\Gm@layouthoffset=\dimen165
\Gm@layoutvoffset=\dimen166
\Gm@dimlist=\toks26
)
(/usr/local/texlive/2025/texmf-dist/tex/latex/xcolor/xcolor.sty
Package: xcolor 2024/09/29 v3.02 LaTeX color extensions (UK)

(/usr/local/texlive/2025/texmf-dist/tex/latex/graphics-cfg/color.cfg
File: color.cfg 2016/01/02 v1.6 sample color configuration
)
Package xcolor Info: Driver file: xetex.def on input line 274.

(/usr/local/texlive/2025/texmf-dist/tex/latex/graphics-def/xetex.def
File: xetex.def 2022/09/22 v5.0n Graphics/color driver for xetex
)
(/usr/local/texlive/2025/texmf-dist/tex/latex/graphics/mathcolor.ltx)
Package xcolor Info: Model `cmy' substituted by `cmy0' on input line 1349.
Package xcolor Info: Model `RGB' extended on input line 1365.
Package xcolor Info: Model `HTML' substituted by `rgb' on input line 1367.
Package xcolor Info: Model `Hsb' substituted by `hsb' on input line 1368.
Package xcolor Info: Model `tHsb' substituted by `hsb' on input line 1369.
Package xcolor Info: Model `HSB' substituted by `hsb' on input line 1370.
Package xcolor Info: Model `Gray' substituted by `gray' on input line 1371.
Package xcolor Info: Model `wave' substituted by `hsb' on input line 1372.
)
(/usr/local/texlive/2025/texmf-dist/tex/latex/graphics/dvipsnam.def
File: dvipsnam.def 2016/06/17 v3.0m Driver-dependent file (DPC,SPQR)
)
Package hyperref Info: Option `colorlinks' set `true' on input line 22.

(/usr/local/texlive/2025/texmf-dist/tex/latex/fontspec/fontspec.sty
(/usr/local/texlive/2025/texmf-dist/tex/latex/l3packages/xparse/xparse.sty
(/usr/local/texlive/2025/texmf-dist/tex/latex/l3kernel/expl3.sty
Package: expl3 2025-01-18 L3 programming layer (loader) 

(/usr/local/texlive/2025/texmf-dist/tex/latex/l3backend/l3backend-xetex.def
File: l3backend-xetex.def 2024-05-08 L3 backend support: XeTeX
\g__graphics_track_int=\count302
\l__pdf_internal_box=\box63
\g__pdf_backend_annotation_int=\count303
\g__pdf_backend_link_int=\count304
))
Package: xparse 2024-08-16 L3 Experimental document command parser
)
Package: fontspec 2024/05/11 v2.9e Font selection for XeLaTeX and LuaLaTeX

(/usr/local/texlive/2025/texmf-dist/tex/latex/fontspec/fontspec-xetex.sty
Package: fontspec-xetex 2024/05/11 v2.9e Font selection for XeLaTeX and LuaLaTe
X
\l__fontspec_script_int=\count305
\l__fontspec_language_int=\count306
\l__fontspec_strnum_int=\count307
\l__fontspec_tmp_int=\count308
\l__fontspec_tmpa_int=\count309
\l__fontspec_tmpb_int=\count310
\l__fontspec_tmpc_int=\count311
\l__fontspec_em_int=\count312
\l__fontspec_emdef_int=\count313
\l__fontspec_strong_int=\count314
\l__fontspec_strongdef_int=\count315
\l__fontspec_tmpa_dim=\dimen167
\l__fontspec_tmpb_dim=\dimen168
\l__fontspec_tmpc_dim=\dimen169

(/usr/local/texlive/2025/texmf-dist/tex/latex/base/fontenc.sty
Package: fontenc 2021/04/29 v2.0v Standard LaTeX package
)
(/usr/local/texlive/2025/texmf-dist/tex/latex/fontspec/fontspec.cfg)))
(/usr/local/texlive/2025/texmf-dist/tex/latex/unicode-math/unicode-math.sty
Package: unicode-math 2023/08/13 v0.8r Unicode maths in XeLaTeX and LuaLaTeX

(/usr/local/texlive/2025/texmf-dist/tex/latex/unicode-math/unicode-math-xetex.s
ty
Package: unicode-math-xetex 2023/08/13 v0.8r Unicode maths in XeLaTeX and LuaLa
TeX

(/usr/local/texlive/2025/texmf-dist/tex/latex/l3packages/l3keys2e/l3keys2e.sty
Package: l3keys2e 2024-08-16 LaTeX2e option processing using LaTeX3 keys
) (/usr/local/texlive/2025/texmf-dist/tex/latex/base/fix-cm.sty
Package: fix-cm 2020/11/24 v1.1t fixes to LaTeX

(/usr/local/texlive/2025/texmf-dist/tex/latex/base/ts1enc.def
File: ts1enc.def 2001/06/05 v3.0e (jk/car/fm) Standard LaTeX file
LaTeX Font Info:    Redeclaring font encoding TS1 on input line 47.
))
\g__um_fam_int=\count316
\g__um_fonts_used_int=\count317
\l__um_primecount_int=\count318
\g__um_primekern_muskip=\muskip19

(/usr/local/texlive/2025/texmf-dist/tex/latex/unicode-math/unicode-math-table.t
ex)))

Package fontspec Info: 
(fontspec)             Font family 'GentiumPlus(0)' created for font
(fontspec)             'GentiumPlus' with options [Ligatures=TeX,Path =
(fontspec)             /usr/local/texlive/2025/texmf-dist/fonts/truetype/SIL/ge
ntium-sil/,Extension
(fontspec)             = .ttf,UprightFont = *-Regular,BoldFont =
(fontspec)             *-Bold,ItalicFont = *-Italic,BoldItalicFont =
(fontspec)             *-BoldItalic].
(fontspec)              
(fontspec)              This font family consists of the following NFSS
(fontspec)             series/shapes:
(fontspec)              
(fontspec)             - 'normal' (m/n) with NFSS spec.:
(fontspec)             <->"[/usr/local/texlive/2025/texmf-dist/fonts/truetype/S
IL/gentium-sil/GentiumPlus-Regular.ttf]/OT:script=latn;language=dflt;mapping=te
x-text;"
(fontspec)             - 'small caps'  (m/sc) with NFSS spec.:
(fontspec)             <->"[/usr/local/texlive/2025/texmf-dist/fonts/truetype/S
IL/gentium-sil/GentiumPlus-Regular.ttf]/OT:script=latn;language=dflt;+smcp;mapp
ing=tex-text;"
(fontspec)             - 'bold' (b/n) with NFSS spec.:
(fontspec)             <->"[/usr/local/texlive/2025/texmf-dist/fonts/truetype/S
IL/gentium-sil/GentiumPlus-Bold.ttf]/OT:script=latn;language=dflt;mapping=tex-t
ext;"
(fontspec)             - 'bold small caps'  (b/sc) with NFSS spec.:
(fontspec)             <->"[/usr/local/texlive/2025/texmf-dist/fonts/truetype/S
IL/gentium-sil/GentiumPlus-Bold.ttf]/OT:script=latn;language=dflt;+smcp;mapping
=tex-text;"
(fontspec)             - 'italic' (m/it) with NFSS spec.:
(fontspec)             <->"[/usr/local/texlive/2025/texmf-dist/fonts/truetype/S
IL/gentium-sil/GentiumPlus-Italic.ttf]/OT:script=latn;language=dflt;mapping=tex
-text;"
(fontspec)             - 'italic small caps'  (m/scit) with NFSS spec.:
(fontspec)             <->"[/usr/local/texlive/2025/texmf-dist/fonts/truetype/S
IL/gentium-sil/GentiumPlus-Italic.ttf]/OT:script=latn;language=dflt;+smcp;mappi
ng=tex-text;"
(fontspec)             - 'bold italic' (b/it) with NFSS spec.:
(fontspec)             <->"[/usr/local/texlive/2025/texmf-dist/fonts/truetype/S
IL/gentium-sil/GentiumPlus-BoldItalic.ttf]/OT:script=latn;language=dflt;mapping
=tex-text;"
(fontspec)             - 'bold italic small caps'  (b/scit) with NFSS spec.:
(fontspec)             <->"[/usr/local/texlive/2025/texmf-dist/fonts/truetype/S
IL/gentium-sil/GentiumPlus-BoldItalic.ttf]/OT:script=latn;language=dflt;+smcp;m
apping=tex-text;"


Package fontspec Info: 
(fontspec)             Font family 'GentiumPlus(1)' created for font
(fontspec)             'GentiumPlus' with options [Path =
(fontspec)             /usr/local/texlive/2025/texmf-dist/fonts/truetype/SIL/ge
ntium-sil/,Extension
(fontspec)             = .ttf,UprightFont = *-Regular,BoldFont =
(fontspec)             *-Bold,ItalicFont = *-Italic,BoldItalicFont =
(fontspec)             *-BoldItalic].
(fontspec)              
(fontspec)              This font family consists of the following NFSS
(fontspec)             series/shapes:
(fontspec)              
(fontspec)             - 'normal' (m/n) with NFSS spec.:
(fontspec)             <->"[/usr/local/texlive/2025/texmf-dist/fonts/truetype/S
IL/gentium-sil/GentiumPlus-Regular.ttf]/OT:script=latn;language=dflt;"
(fontspec)             - 'small caps'  (m/sc) with NFSS spec.:
(fontspec)             <->"[/usr/local/texlive/2025/texmf-dist/fonts/truetype/S
IL/gentium-sil/GentiumPlus-Regular.ttf]/OT:script=latn;language=dflt;+smcp;"
(fontspec)             - 'bold' (b/n) with NFSS spec.:
(fontspec)             <->"[/usr/local/texlive/2025/texmf-dist/fonts/truetype/S
IL/gentium-sil/GentiumPlus-Bold.ttf]/OT:script=latn;language=dflt;"
(fontspec)             - 'bold small caps'  (b/sc) with NFSS spec.:
(fontspec)             <->"[/usr/local/texlive/2025/texmf-dist/fonts/truetype/S
IL/gentium-sil/GentiumPlus-Bold.ttf]/OT:script=latn;language=dflt;+smcp;"
(fontspec)             - 'italic' (m/it) with NFSS spec.:
(fontspec)             <->"[/usr/local/texlive/2025/texmf-dist/fonts/truetype/S
IL/gentium-sil/GentiumPlus-Italic.ttf]/OT:script=latn;language=dflt;"
(fontspec)             - 'italic small caps'  (m/scit) with NFSS spec.:
(fontspec)             <->"[/usr/local/texlive/2025/texmf-dist/fonts/truetype/S
IL/gentium-sil/GentiumPlus-Italic.ttf]/OT:script=latn;language=dflt;+smcp;"
(fontspec)             - 'bold italic' (b/it) with NFSS spec.:
(fontspec)             <->"[/usr/local/texlive/2025/texmf-dist/fonts/truetype/S
IL/gentium-sil/GentiumPlus-BoldItalic.ttf]/OT:script=latn;language=dflt;"
(fontspec)             - 'bold italic small caps'  (b/scit) with NFSS spec.:
(fontspec)             <->"[/usr/local/texlive/2025/texmf-dist/fonts/truetype/S
IL/gentium-sil/GentiumPlus-BoldItalic.ttf]/OT:script=latn;language=dflt;+smcp;"


LaTeX Font Info:    Overwriting math alphabet `\mathrm' in version `normal'
(Font)                  OT1/cmr/m/n --> TU/GentiumPlus(1)/m/n on input line 35.

LaTeX Font Info:    Overwriting math alphabet `\mathit' in version `normal'
(Font)                  OT1/cmr/m/it --> TU/GentiumPlus(1)/m/it on input line 3
5.
LaTeX Font Info:    Overwriting math alphabet `\mathbf' in version `normal'
(Font)                  OT1/cmr/bx/n --> TU/GentiumPlus(1)/b/n on input line 35
.

Package fontspec Info: 
(fontspec)             Font family 'XCharter-Math.otf(0)' created for font
(fontspec)             'XCharter-Math.otf' with options
(fontspec)             [BoldItalicFont={},ItalicFont={},SmallCapsFont={},Script
=Math,Path={/usr/local/texlive/2025/texmf-dist/fonts/opentype/public/xcharter-m
ath/}].
(fontspec)              
(fontspec)              This font family consists of the following NFSS
(fontspec)             series/shapes:
(fontspec)              
(fontspec)             - 'normal' (m/n) with NFSS spec.:
(fontspec)             <->"[/usr/local/texlive/2025/texmf-dist/fonts/opentype/p
ublic/xcharter-math/XCharter-Math.otf]/OT:script=math;language=dflt;"


Package fontspec Info: 
(fontspec)             Font family 'XCharter-Math.otf(1)' created for font
(fontspec)             'XCharter-Math.otf' with options
(fontspec)             [BoldItalicFont={},ItalicFont={},SmallCapsFont={},Script
=Math,SizeFeatures={{Size=9.3075-},{Size=6.84375-9.3075,Font=XCharter-Math.otf,
Style=MathScript},{Size=-6.84375,Font=XCharter-Math.otf,Style=MathScriptScript}
},Path={/usr/local/texlive/2025/texmf-dist/fonts/opentype/public/xcharter-math/
}].
(fontspec)              
(fontspec)              This font family consists of the following NFSS
(fontspec)             series/shapes:
(fontspec)              
(fontspec)             - 'normal' (m/n) with NFSS spec.:
(fontspec)             <9.3075->"[/usr/local/texlive/2025/texmf-dist/fonts/open
type/public/xcharter-math/XCharter-Math.otf]/OT:script=math;language=dflt;"<6.8
4375-9.3075>"[/usr/local/texlive/2025/texmf-dist/fonts/opentype/public/xcharter
-math/XCharter-Math.otf]/OT:script=math;language=dflt;+ssty=0;"<-6.84375>"[/usr
/local/texlive/2025/texmf-dist/fonts/opentype/public/xcharter-math/XCharter-Mat
h.otf]/OT:script=math;language=dflt;+ssty=1;"

LaTeX Font Info:    Encoding `OT1' has changed to `TU' for symbol font
(Font)              `operators' in the math version `normal' on input line 38.
LaTeX Font Info:    Overwriting symbol font `operators' in version `normal'
(Font)                  OT1/cmr/m/n --> TU/XCharter-Math.otf(1)/m/n on input li
ne 38.
LaTeX Font Info:    Encoding `OT1' has changed to `TU' for symbol font
(Font)              `operators' in the math version `bold' on input line 38.
LaTeX Font Info:    Overwriting symbol font `operators' in version `bold'
(Font)                  OT1/cmr/bx/n --> TU/XCharter-Math.otf(1)/b/n on input l
ine 38.

Package fontspec Info: 
(fontspec)             XCharter-Math scale = 1.0001.


Package fontspec Info: 
(fontspec)             XCharter-Math scale = 1.0001.


Package fontspec Info: 
(fontspec)             XCharter-Math scale = 1.0001.


Package fontspec Info: 
(fontspec)             XCharter-Math scale = 1.0001.


Package fontspec Info: 
(fontspec)             Font family 'XCharter-Math.otf(2)' created for font
(fontspec)             'XCharter-Math.otf' with options
(fontspec)             [BoldItalicFont={},ItalicFont={},SmallCapsFont={},Script
=Math,SizeFeatures={{Size=9.3075-},{Size=6.84375-9.3075,Font=XCharter-Math.otf,
Style=MathScript},{Size=-6.84375,Font=XCharter-Math.otf,Style=MathScriptScript}
},Path={/usr/local/texlive/2025/texmf-dist/fonts/opentype/public/xcharter-math/
},ScaleAgain=1.0001,FontAdjustment={\fontdimen
(fontspec)             8\font =8.76pt\relax \fontdimen 9\font =4.4019pt\relax
(fontspec)             \fontdimen 10\font =5.6064pt\relax \fontdimen 11\font
(fontspec)             =8.07014pt\relax \fontdimen 12\font =3.8982pt\relax
(fontspec)             \fontdimen 13\font =4.599pt\relax \fontdimen 14\font
(fontspec)             =4.599pt\relax \fontdimen 15\font =3.16455pt\relax
(fontspec)             \fontdimen 16\font =3.285pt\relax \fontdimen 17\font
(fontspec)             =3.285pt\relax \fontdimen 18\font =4.54425pt\relax
(fontspec)             \fontdimen 19\font =0.5475pt\relax \fontdimen 22\font
(fontspec)             =3.066pt\relax \fontdimen 20\font =0pt\relax \fontdimen
(fontspec)             21\font =0pt\relax }].
(fontspec)              
(fontspec)              This font family consists of the following NFSS
(fontspec)             series/shapes:
(fontspec)              
(fontspec)             - 'normal' (m/n) with NFSS spec.:
(fontspec)             <9.3075->s*[1.0001]"[/usr/local/texlive/2025/texmf-dist/
fonts/opentype/public/xcharter-math/XCharter-Math.otf]/OT:script=math;language=
dflt;"<6.84375-9.3075>s*[1.0001]"[/usr/local/texlive/2025/texmf-dist/fonts/open
type/public/xcharter-math/XCharter-Math.otf]/OT:script=math;language=dflt;+ssty
=0;"<-6.84375>s*[1.0001]"[/usr/local/texlive/2025/texmf-dist/fonts/opentype/pub
lic/xcharter-math/XCharter-Math.otf]/OT:script=math;language=dflt;+ssty=1;"

LaTeX Font Info:    Encoding `OMS' has changed to `TU' for symbol font
(Font)              `symbols' in the math version `normal' on input line 38.
LaTeX Font Info:    Overwriting symbol font `symbols' in version `normal'
(Font)                  OMS/cmsy/m/n --> TU/XCharter-Math.otf(2)/m/n on input l
ine 38.
LaTeX Font Info:    Encoding `OMS' has changed to `TU' for symbol font
(Font)              `symbols' in the math version `bold' on input line 38.
LaTeX Font Info:    Overwriting symbol font `symbols' in version `bold'
(Font)                  OMS/cmsy/b/n --> TU/XCharter-Math.otf(2)/b/n on input l
ine 38.

Package fontspec Info: 
(fontspec)             XCharter-Math scale = 0.9999.


Package fontspec Info: 
(fontspec)             XCharter-Math scale = 0.9999.


Package fontspec Info: 
(fontspec)             XCharter-Math scale = 0.9999.


Package fontspec Info: 
(fontspec)             XCharter-Math scale = 0.9999.


Package fontspec Info: 
(fontspec)             Font family 'XCharter-Math.otf(3)' created for font
(fontspec)             'XCharter-Math.otf' with options
(fontspec)             [BoldItalicFont={},ItalicFont={},SmallCapsFont={},Script
=Math,SizeFeatures={{Size=9.3075-},{Size=6.84375-9.3075,Font=XCharter-Math.otf,
Style=MathScript},{Size=-6.84375,Font=XCharter-Math.otf,Style=MathScriptScript}
},Path={/usr/local/texlive/2025/texmf-dist/fonts/opentype/public/xcharter-math/
},ScaleAgain=0.9999,FontAdjustment={\fontdimen
(fontspec)             8\font =0.6351pt\relax \fontdimen 9\font
(fontspec)             =1.21545pt\relax \fontdimen 10\font =1.82864pt\relax
(fontspec)             \fontdimen 11\font =2.19pt\relax \fontdimen 12\font
(fontspec)             =6.56999pt\relax \fontdimen 13\font =0pt\relax }].
(fontspec)              
(fontspec)              This font family consists of the following NFSS
(fontspec)             series/shapes:
(fontspec)              
(fontspec)             - 'normal' (m/n) with NFSS spec.:
(fontspec)             <9.3075->s*[0.9999]"[/usr/local/texlive/2025/texmf-dist/
fonts/opentype/public/xcharter-math/XCharter-Math.otf]/OT:script=math;language=
dflt;"<6.84375-9.3075>s*[0.9999]"[/usr/local/texlive/2025/texmf-dist/fonts/open
type/public/xcharter-math/XCharter-Math.otf]/OT:script=math;language=dflt;+ssty
=0;"<-6.84375>s*[0.9999]"[/usr/local/texlive/2025/texmf-dist/fonts/opentype/pub
lic/xcharter-math/XCharter-Math.otf]/OT:script=math;language=dflt;+ssty=1;"

LaTeX Font Info:    Encoding `OMX' has changed to `TU' for symbol font
(Font)              `largesymbols' in the math version `normal' on input line 3
8.
LaTeX Font Info:    Overwriting symbol font `largesymbols' in version `normal'
(Font)                  OMX/cmex/m/n --> TU/XCharter-Math.otf(3)/m/n on input l
ine 38.
LaTeX Font Info:    Encoding `OMX' has changed to `TU' for symbol font
(Font)              `largesymbols' in the math version `bold' on input line 38.

LaTeX Font Info:    Overwriting symbol font `largesymbols' in version `bold'
(Font)                  OMX/cmex/m/n --> TU/XCharter-Math.otf(3)/b/n on input l
ine 38.
LaTeX Font Info:    Redeclaring math version `bold' on input line 42.

Package fontspec Info: 
(fontspec)             Font family 'XCharter-Math-Bold.otf(0)' created for
(fontspec)             font 'XCharter-Math-Bold.otf' with options
(fontspec)             [BoldItalicFont={},ItalicFont={},SmallCapsFont={},Script
=Math,Path={/usr/local/texlive/2025/texmf-dist/fonts/opentype/public/xcharter-m
ath/}].
(fontspec)              
(fontspec)              This font family consists of the following NFSS
(fontspec)             series/shapes:
(fontspec)              
(fontspec)             - 'normal' (m/n) with NFSS spec.:
(fontspec)             <->"[/usr/local/texlive/2025/texmf-dist/fonts/opentype/p
ublic/xcharter-math/XCharter-Math-Bold.otf]/OT:script=math;language=dflt;"


Package fontspec Info: 
(fontspec)             Font family 'XCharter-Math-Bold.otf(1)' created for
(fontspec)             font 'XCharter-Math-Bold.otf' with options
(fontspec)             [BoldItalicFont={},ItalicFont={},SmallCapsFont={},Script
=Math,SizeFeatures={{Size=9.58125-},{Size=7.39125-9.58125,Font=XCharter-Math-Bo
ld.otf,Style=MathScript},{Size=-7.39125,Font=XCharter-Math-Bold.otf,Style=MathS
criptScript}},Path={/usr/local/texlive/2025/texmf-dist/fonts/opentype/public/xc
harter-math/}].
(fontspec)              
(fontspec)              This font family consists of the following NFSS
(fontspec)             series/shapes:
(fontspec)              
(fontspec)             - 'normal' (m/n) with NFSS spec.:
(fontspec)             <9.58125->"[/usr/local/texlive/2025/texmf-dist/fonts/ope
ntype/public/xcharter-math/XCharter-Math-Bold.otf]/OT:script=math;language=dflt
;"<7.39125-9.58125>"[/usr/local/texlive/2025/texmf-dist/fonts/opentype/public/x
charter-math/XCharter-Math-Bold.otf]/OT:script=math;language=dflt;+ssty=0;"<-7.
39125>"[/usr/local/texlive/2025/texmf-dist/fonts/opentype/public/xcharter-math/
XCharter-Math-Bold.otf]/OT:script=math;language=dflt;+ssty=1;"

LaTeX Font Info:    Encoding `OT1' has changed to `TU' for symbol font
(Font)              `operators' in the math version `bold' on input line 42.
LaTeX Font Info:    Overwriting symbol font `operators' in version `bold'
(Font)                  OT1/cmr/m/n --> TU/XCharter-Math-Bold.otf(1)/m/n on inp
ut line 42.

Package fontspec Info: 
(fontspec)             XCharter-Math-Bold scale = 1.0001.


Package fontspec Info: 
(fontspec)             XCharter-Math-Bold scale = 1.0001.


Package fontspec Info: 
(fontspec)             XCharter-Math-Bold scale = 1.0001.


Package fontspec Info: 
(fontspec)             XCharter-Math-Bold scale = 1.0001.


Package fontspec Info: 
(fontspec)             Font family 'XCharter-Math-Bold.otf(2)' created for
(fontspec)             font 'XCharter-Math-Bold.otf' with options
(fontspec)             [BoldItalicFont={},ItalicFont={},SmallCapsFont={},Script
=Math,SizeFeatures={{Size=9.58125-},{Size=7.39125-9.58125,Font=XCharter-Math-Bo
ld.otf,Style=MathScript},{Size=-7.39125,Font=XCharter-Math-Bold.otf,Style=MathS
criptScript}},Path={/usr/local/texlive/2025/texmf-dist/fonts/opentype/public/xc
harter-math/},ScaleAgain=1.0001,FontAdjustment={\fontdimen
(fontspec)             8\font =8.76pt\relax \fontdimen 9\font =4.4019pt\relax
(fontspec)             \fontdimen 10\font =5.6064pt\relax \fontdimen 11\font
(fontspec)             =8.07014pt\relax \fontdimen 12\font =3.8982pt\relax
(fontspec)             \fontdimen 13\font =4.599pt\relax \fontdimen 14\font
(fontspec)             =4.599pt\relax \fontdimen 15\font =3.16455pt\relax
(fontspec)             \fontdimen 16\font =3.285pt\relax \fontdimen 17\font
(fontspec)             =3.285pt\relax \fontdimen 18\font =4.54425pt\relax
(fontspec)             \fontdimen 19\font =0.5475pt\relax \fontdimen 22\font
(fontspec)             =3.066pt\relax \fontdimen 20\font =0pt\relax \fontdimen
(fontspec)             21\font =0pt\relax }].
(fontspec)              
(fontspec)              This font family consists of the following NFSS
(fontspec)             series/shapes:
(fontspec)              
(fontspec)             - 'normal' (m/n) with NFSS spec.:
(fontspec)             <9.58125->s*[1.0001]"[/usr/local/texlive/2025/texmf-dist
/fonts/opentype/public/xcharter-math/XCharter-Math-Bold.otf]/OT:script=math;lan
guage=dflt;"<7.39125-9.58125>s*[1.0001]"[/usr/local/texlive/2025/texmf-dist/fon
ts/opentype/public/xcharter-math/XCharter-Math-Bold.otf]/OT:script=math;languag
e=dflt;+ssty=0;"<-7.39125>s*[1.0001]"[/usr/local/texlive/2025/texmf-dist/fonts/
opentype/public/xcharter-math/XCharter-Math-Bold.otf]/OT:script=math;language=d
flt;+ssty=1;"

LaTeX Font Info:    Encoding `OMS' has changed to `TU' for symbol font
(Font)              `symbols' in the math version `bold' on input line 42.
LaTeX Font Info:    Overwriting symbol font `symbols' in version `bold'
(Font)                  OMS/cmsy/m/n --> TU/XCharter-Math-Bold.otf(2)/m/n on in
put line 42.

Package fontspec Info: 
(fontspec)             XCharter-Math-Bold scale = 0.9999.


Package fontspec Info: 
(fontspec)             XCharter-Math-Bold scale = 0.9999.


Package fontspec Info: 
(fontspec)             XCharter-Math-Bold scale = 0.9999.


Package fontspec Info: 
(fontspec)             XCharter-Math-Bold scale = 0.9999.


Package fontspec Info: 
(fontspec)             Font family 'XCharter-Math-Bold.otf(3)' created for
(fontspec)             font 'XCharter-Math-Bold.otf' with options
(fontspec)             [BoldItalicFont={},ItalicFont={},SmallCapsFont={},Script
=Math,SizeFeatures={{Size=9.58125-},{Size=7.39125-9.58125,Font=XCharter-Math-Bo
ld.otf,Style=MathScript},{Size=-7.39125,Font=XCharter-Math-Bold.otf,Style=MathS
criptScript}},Path={/usr/local/texlive/2025/texmf-dist/fonts/opentype/public/xc
harter-math/},ScaleAgain=0.9999,FontAdjustment={\fontdimen
(fontspec)             8\font =0.7884pt\relax \fontdimen 9\font
(fontspec)             =1.21545pt\relax \fontdimen 10\font =1.82864pt\relax
(fontspec)             \fontdimen 11\font =2.19pt\relax \fontdimen 12\font
(fontspec)             =6.56999pt\relax \fontdimen 13\font =0pt\relax }].
(fontspec)              
(fontspec)              This font family consists of the following NFSS
(fontspec)             series/shapes:
(fontspec)              
(fontspec)             - 'normal' (m/n) with NFSS spec.:
(fontspec)             <9.58125->s*[0.9999]"[/usr/local/texlive/2025/texmf-dist
/fonts/opentype/public/xcharter-math/XCharter-Math-Bold.otf]/OT:script=math;lan
guage=dflt;"<7.39125-9.58125>s*[0.9999]"[/usr/local/texlive/2025/texmf-dist/fon
ts/opentype/public/xcharter-math/XCharter-Math-Bold.otf]/OT:script=math;languag
e=dflt;+ssty=0;"<-7.39125>s*[0.9999]"[/usr/local/texlive/2025/texmf-dist/fonts/
opentype/public/xcharter-math/XCharter-Math-Bold.otf]/OT:script=math;language=d
flt;+ssty=1;"

LaTeX Font Info:    Encoding `OMX' has changed to `TU' for symbol font
(Font)              `largesymbols' in the math version `bold' on input line 42.

LaTeX Font Info:    Overwriting symbol font `largesymbols' in version `bold'
(Font)                  OMX/cmex/m/n --> TU/XCharter-Math-Bold.otf(3)/m/n on in
put line 42.
 (./cv.aux)
\openout1 = `cv.aux'.

LaTeX Font Info:    Checking defaults for OML/cmm/m/it on input line 88.
LaTeX Font Info:    ... okay on input line 88.
LaTeX Font Info:    Checking defaults for OMS/cmsy/m/n on input line 88.
LaTeX Font Info:    ... okay on input line 88.
LaTeX Font Info:    Checking defaults for OT1/cmr/m/n on input line 88.
LaTeX Font Info:    ... okay on input line 88.
LaTeX Font Info:    Checking defaults for T1/cmr/m/n on input line 88.
LaTeX Font Info:    ... okay on input line 88.
LaTeX Font Info:    Checking defaults for TS1/cmr/m/n on input line 88.
LaTeX Font Info:    ... okay on input line 88.
LaTeX Font Info:    Checking defaults for TU/lmr/m/n on input line 88.
LaTeX Font Info:    ... okay on input line 88.
LaTeX Font Info:    Checking defaults for OMX/cmex/m/n on input line 88.
LaTeX Font Info:    ... okay on input line 88.
LaTeX Font Info:    Checking defaults for U/cmr/m/n on input line 88.
LaTeX Font Info:    ... okay on input line 88.
LaTeX Font Info:    Checking defaults for PD1/pdf/m/n on input line 88.
LaTeX Font Info:    ... okay on input line 88.
LaTeX Font Info:    Checking defaults for PU/pdf/m/n on input line 88.
LaTeX Font Info:    ... okay on input line 88.
Package hyperref Info: Link coloring ON on input line 88.
 (./cv.out) (./cv.out)
\@outlinefile=\write3
\openout3 = `cv.out'.


*geometry* driver: auto-detecting
*geometry* detected driver: xetex
*geometry* verbose mode - [ preamble ] result:
* driver: xetex
* paper: letterpaper
* layout: <same size as paper>
* layoutoffset:(h,v)=(0.0pt,0.0pt)
* modes: 
* h-part:(L,W,R)=(36.135pt, 542.02501pt, 36.135pt)
* v-part:(T,H,B)=(36.135pt, 722.7pt, 36.135pt)
* \paperwidth=614.295pt
* \paperheight=794.96999pt
* \textwidth=542.02501pt
* \textheight=722.7pt
* \oddsidemargin=-36.135pt
* \evensidemargin=-36.135pt
* \topmargin=-69.81621pt
* \headheight=12.0pt
* \headsep=21.68121pt
* \topskip=11.0pt
* \footskip=21.68121pt
* \marginparwidth=59.0pt
* \marginparsep=10.0pt
* \columnsep=10.0pt
* \skip\footins=10.0pt plus 4.0pt minus 2.0pt
* \hoffset=0.0pt
* \voffset=0.0pt
* \mag=1000
* \@twocolumnfalse
* \@twosidefalse
* \@mparswitchfalse
* \@reversemarginfalse
* (1in=72.27pt=25.4mm, 1cm=28.453pt)

LaTeX Font Info:    Overwriting math alphabet `\mathsf' in version `normal'
(Font)                  OT1/cmss/m/n --> TU/lmss/m/n on input line 88.
LaTeX Font Info:    Overwriting math alphabet `\mathsf' in version `bold'
(Font)                  OT1/cmss/m/n --> TU/lmss/b/n on input line 88.
LaTeX Font Info:    Overwriting math alphabet `\mathtt' in version `normal'
(Font)                  OT1/cmtt/m/n --> TU/lmtt/m/n on input line 88.
LaTeX Font Info:    Overwriting math alphabet `\mathtt' in version `bold'
(Font)                  OT1/cmtt/m/n --> TU/lmtt/b/n on input line 88.
LaTeX Font Info:    Font shape `TU/XCharter-Math.otf(2)/m/n' will be
(Font)              scaled to size 10.95116pt on input line 93.
LaTeX Font Info:    Font shape `TU/XCharter-Math.otf(2)/m/n' will be
(Font)              scaled to size 8.21336pt on input line 93.
LaTeX Font Info:    Font shape `TU/XCharter-Math.otf(2)/m/n' will be
(Font)              scaled to size 6.5707pt on input line 93.
LaTeX Font Info:    Font shape `TU/XCharter-Math.otf(3)/m/n' will be
(Font)              scaled to size 10.94882pt on input line 93.
LaTeX Font Info:    Font shape `TU/XCharter-Math.otf(3)/m/n' will be
(Font)              scaled to size 8.21161pt on input line 93.
LaTeX Font Info:    Font shape `TU/XCharter-Math.otf(3)/m/n' will be
(Font)              scaled to size 6.5693pt on input line 93.
[1

] [2]

[3] (./cv.aux)
 ***********
LaTeX2e <2024-11-01> patch level 2
L3 programming layer <2025-01-18>
 ***********
Package rerunfilecheck Info: File `cv.out' has not changed.
(rerunfilecheck)             Checksum: D41D8CD98F00B204E9800998ECF8427E;0.
 ) 
Here is how much of TeX's memory you used:
 16359 strings out of 473832
 307790 string characters out of 5729482
 921836 words of memory out of 5000000
 39267 multiletter control sequences out of 15000+600000
 561428 words of font info for 71 fonts, out of 8000000 for 9000
 1348 hyphenation exceptions out of 8191
 79i,8n,107p,568b,642s stack positions out of 10000i,1000n,20000p,200000b,200000s

Output written on cv.pdf (3 pages).
